{"event": "resume", "phase": "A", "epoch": 1, "global_step": 900, "optimizer": true, "scheduler": false, "scaler": false}
{"epoch": 1, "phase": "A", "eval_scope": "resume_baseline_subset", "eval_samples": 512, "mean_iou": 0.34054312430043865, "acc_0.5": 0.40234375, "acc_0.7": 0.2578125, "l1_coordinate_error": 0.0807745317770241, "parse_rate": 1.0, "truncation_rate": 0.55078125}
{"epoch": 2, "phase": "A", "eval_scope": "subset", "eval_samples": 512, "train_loss": 1.9553200188941426, "mean_iou": 0.3099269915546756, "acc_0.5": 0.357421875, "acc_0.7": 0.20703125, "l1_coordinate_error": 0.0808040436495503, "parse_rate": 1.0, "truncation_rate": 0.548828125}
{"epoch": 3, "phase": "A", "eval_scope": "subset", "eval_samples": 512, "train_loss": 1.8864844281143611, "mean_iou": 0.3061107132662073, "acc_0.5": 0.35546875, "acc_0.7": 0.19140625, "l1_coordinate_error": 0.08325830824014702, "parse_rate": 1.0, "truncation_rate": 0.556640625}
{"epoch": 3, "phase": "A", "eval_scope": "full", "eval_samples": 1831, "mean_iou": 0.34407114562838254, "acc_0.5": 0.3954123429819771, "acc_0.7": 0.2523211359912616, "l1_coordinate_error": 0.0777435052204279, "parse_rate": 1.0, "truncation_rate": 0.5237575095576188}
Traceback (most recent call last):
  File "/root/autodl-tmp/final_training_upload/mm-grounding-adapters/train.py", line 85, in <module>
    main()
  File "/root/autodl-tmp/final_training_upload/mm-grounding-adapters/train.py", line 81, in main
    train(model, train_loader, val_loader, full_val_loader, processor, config, torch.device(args.device))
  File "/root/autodl-tmp/final_training_upload/mm-grounding-adapters/src/mm_grounding/engine.py", line 221, in train
    "a", config.train.phase_a_epochs, 0, resume_epoch + 1,
^^^^^^^^^^^^^^^^^^^^^^^^^^^^^^^^^^^^^^^^^^^^^^^^^^^^^^^^^^
  File "/root/autodl-tmp/final_training_upload/mm-grounding-adapters/src/mm_grounding/engine.py", line 161, in _run_phase
    batch = _move(batch, device)
        ^^^^^^^^^^^^^^^^^^^^^^
  File "/root/miniconda3/lib/python3.12/site-packages/torch/amp/grad_scaler.py", line 459, in step
    self.unscale_(optimizer)
  File "/root/miniconda3/lib/python3.12/site-packages/torch/amp/grad_scaler.py", line 346, in unscale_
    optimizer_state["found_inf_per_device"] = self._unscale_grads_(
                                              ^^^^^^^^^^^^^^^^^^^^^
  File "/root/miniconda3/lib/python3.12/site-packages/torch/amp/grad_scaler.py", line 283, in _unscale_grads_
    torch._amp_foreach_non_finite_check_and_unscale_(
NotImplementedError: "_amp_foreach_non_finite_check_and_unscale_cuda" not implemented for 'BFloat16'
